export const snapshot = {};

snapshot[`Iterate through all days of the next month 1`] = `
[
  "https://kang.test/?playTime=2023-05-01+00%3A00%3A00",
  "https://kang.test/?playTime=2023-05-02+00%3A00%3A00",
  "https://kang.test/?playTime=2023-05-03+00%3A00%3A00",
  "https://kang.test/?playTime=2023-05-04+00%3A00%3A00",
  "https://kang.test/?playTime=2023-05-05+00%3A00%3A00",
  "https://kang.test/?playTime=2023-05-06+00%3A00%3A00",
  "https://kang.test/?playTime=2023-05-07+00%3A00%3A00",
  "https://kang.test/?playTime=2023-05-08+00%3A00%3A00",
  "https://kang.test/?playTime=2023-05-09+00%3A00%3A00",
  "https://kang.test/?playTime=2023-05-10+00%3A00%3A00",
  "https://kang.test/?playTime=2023-05-11+00%3A00%3A00",
  "https://kang.test/?playTime=2023-05-12+00%3A00%3A00",
  "https://kang.test/?playTime=2023-05-13+00%3A00%3A00",
  "https://kang.test/?playTime=2023-05-14+00%3A00%3A00",
  "https://kang.test/?playTime=2023-05-15+00%3A00%3A00",
  "https://kang.test/?playTime=2023-05-16+00%3A00%3A00",
  "https://kang.test/?playTime=2023-05-17+00%3A00%3A00",
  "https://kang.test/?playTime=2023-05-18+00%3A00%3A00",
  "https://kang.test/?playTime=2023-05-19+00%3A00%3A00",
  "https://kang.test/?playTime=2023-05-20+00%3A00%3A00",
  "https://kang.test/?playTime=2023-05-21+00%3A00%3A00",
  "https://kang.test/?playTime=2023-05-22+00%3A00%3A00",
  "https://kang.test/?playTime=2023-05-23+00%3A00%3A00",
  "https://kang.test/?playTime=2023-05-24+00%3A00%3A00",
  "https://kang.test/?playTime=2023-05-25+00%3A00%3A00",
  "https://kang.test/?playTime=2023-05-26+00%3A00%3A00",
  "https://kang.test/?playTime=2023-05-27+00%3A00%3A00",
  "https://kang.test/?playTime=2023-05-28+00%3A00%3A00",
  "https://kang.test/?playTime=2023-05-29+00%3A00%3A00",
  "https://kang.test/?playTime=2023-05-30+00%3A00%3A00",
  "https://kang.test/?playTime=2023-05-31+00%3A00%3A00",
]
`;

snapshot[`Format json 1`] = `
[
  {
    cinima: "小西天",
    director: "",
    endTime: "2023-05-07 13:30:00",
    englishName: "What Do We See When We Look at the Sky?",
    name: "当我们仰望天空时看见什么？",
    playTime: "2023-05-07 11:00:00",
    year: 2021,
  },
  {
    cinima: "小西天",
    director: "",
    endTime: "2023-05-07 16:02:00",
    englishName: "Proxima",
    name: "比邻星",
    playTime: "2023-05-07 14:15:00",
    year: 2019,
  },
  {
    cinima: "小西天(2)",
    director: "",
    endTime: "2023-05-07 18:05:00",
    englishName: "Ryuichi Sakamoto: Async at The Park Avenue Armory",
    name: "坂本龙一：异步",
    playTime: "2023-05-07 17:00:00",
    year: 2018,
  },
  {
    cinima: "小西天",
    director: "",
    endTime: "2023-05-07 20:40:00",
    englishName: "Ryuichi Sakamoto: CODA",
    name: "坂本龙一：终曲",
    playTime: "2023-05-07 19:00:00",
    year: 2017,
  },
  {
    cinima: "百子湾",
    director: "",
    endTime: "2023-05-07 15:35:00",
    englishName: "On the Milky Road",
    name: "牛奶配送员的奇幻人生",
    playTime: "2023-05-07 13:30:00",
    year: 2016,
  },
  {
    cinima: "百子湾",
    director: "",
    endTime: "2023-05-07 18:09:00",
    englishName: "Black Cat, White Cat",
    name: "黑猫白猫",
    playTime: "2023-05-07 16:00:00",
    year: 1998,
  },
  {
    cinima: "百子湾",
    director: "",
    endTime: "2023-05-07 21:20:00",
    englishName: "Underground",
    name: "地下",
    playTime: "2023-05-07 18:30:00",
    year: 1995,
  },
]
`;

snapshot[`convert movies to csv 1`] = `
'name,englishName,year,director,cinima,playTime,endTime\\r
坂本龙一：终曲,Ryuichi Sakamoto: CODA,2017,史蒂芬·野村·斯奇博,小西天,2023-05-07 19:00:00,2023-05-07 20:40:00\\r
牛奶配送员的奇幻人生,On the Milky Road,2016,埃米尔·库斯图里卡 Emir Kusturiča,百子湾,2023-05-07 13:30:00,2023-05-07 15:35:00\\r
黑猫白猫,"Black Cat, White Cat",1998,埃米尔·库斯图里卡 Emir Kusturiča,百子湾,2023-05-07 16:00:00,2023-05-07 18:09:00\\r
'
`;
